[debug] [2026-04-25T18:19:38.147Z] ----------------------------------------------------------------------
[debug] [2026-04-25T18:19:38.149Z] Command:       C:\Program Files\nodejs\node.exe C:\Users\tiros\AppData\Roaming\npm\node_modules\firebase-tools\lib\bin\firebase.js deploy --only hosting
[debug] [2026-04-25T18:19:38.149Z] CLI Version:   15.15.0
[debug] [2026-04-25T18:19:38.149Z] Platform:      win32
[debug] [2026-04-25T18:19:38.149Z] Node Version:  v24.14.1
[debug] [2026-04-25T18:19:38.149Z] Time:          Sat Apr 25 2026 23:49:38 GMT+0530 (India Standard Time)
[debug] [2026-04-25T18:19:38.149Z] ----------------------------------------------------------------------
[debug] 
[debug] [2026-04-25T18:19:39.662Z] > command requires scopes: ["email","openid","https://www.googleapis.com/auth/cloudplatformprojects.readonly","https://www.googleapis.com/auth/firebase","https://www.googleapis.com/auth/cloud-platform"]
[debug] [2026-04-25T18:19:39.662Z] > authorizing via signed-in user (tiroshbrot123@gmail.com)
[debug] [2026-04-25T18:19:39.662Z] [iam] checking project shiftlk for permissions ["firebase.projects.get","firebasehosting.sites.update"]
[debug] [2026-04-25T18:19:39.663Z] Checked if tokens are valid: true, expires at: 1777144330191
[debug] [2026-04-25T18:19:39.663Z] Checked if tokens are valid: true, expires at: 1777144330191
[debug] [2026-04-25T18:19:39.663Z] >>> [apiv2][query] POST https://cloudresourcemanager.googleapis.com/v1/projects/shiftlk:testIamPermissions [none]
[debug] [2026-04-25T18:19:39.663Z] >>> [apiv2][(partial)header] POST https://cloudresourcemanager.googleapis.com/v1/projects/shiftlk:testIamPermissions  x-goog-user-project=shiftlk
[debug] [2026-04-25T18:19:39.663Z] >>> [apiv2][body] POST https://cloudresourcemanager.googleapis.com/v1/projects/shiftlk:testIamPermissions {"permissions":["firebase.projects.get","firebasehosting.sites.update"]}
[debug] [2026-04-25T18:19:40.266Z] <<< [apiv2][status] POST https://cloudresourcemanager.googleapis.com/v1/projects/shiftlk:testIamPermissions 200
[debug] [2026-04-25T18:19:40.267Z] <<< [apiv2][body] POST https://cloudresourcemanager.googleapis.com/v1/projects/shiftlk:testIamPermissions {"permissions":["firebase.projects.get","firebasehosting.sites.update"]}
[debug] [2026-04-25T18:19:40.267Z] Checked if tokens are valid: true, expires at: 1777144330191
[debug] [2026-04-25T18:19:40.267Z] Checked if tokens are valid: true, expires at: 1777144330191
[debug] [2026-04-25T18:19:40.267Z] >>> [apiv2][query] GET https://firebase.googleapis.com/v1beta1/projects/shiftlk [none]
